
> receptive-resonance@0.0.1 build
> astro build && pagefind --site dist

20:17:01 [types] Generated 286ms
20:17:01 [build] output: "static"
20:17:01 [build] directory: D:\Project\portfolio\dist\
20:17:01 [build] Collecting build info...
20:17:01 [build] ✓ Completed in 338ms.
20:17:01 [build] Building static entrypoints...
20:17:02 [ERROR] [vite] [31mx[39m Build failed in 752ms
Expected "}" but found ":"
  Location:
    D:/Project/portfolio/src/layouts/Layout.astro:42:27
  Stack trace:
    at failureErrorWithLog (D:\Project\portfolio\node_modules\esbuild\lib\main.js:1472:15)
    at responseCallbacks.<computed> (D:\Project\portfolio\node_modules\esbuild\lib\main.js:622:9)
    at Socket.readFromStdout (D:\Project\portfolio\node_modules\esbuild\lib\main.js:600:7)
    at addChunk (node:internal/streams/readable:561:12)
    at Readable.push (node:internal/streams/readable:392:5)
